This is pdfTeX, Version 3.141592653-2.6-1.40.25 (MiKTeX 24.1) (preloaded format=pdflatex 2025.11.4)  19 JUL 2026 00:06
entering extended mode
 restricted \write18 enabled.
 %&-line parsing enabled.
**./methodology.tex
(methodology.tex
LaTeX2e <2024-11-01> patch level 2
L3 programming layer <2025-01-18>

! LaTeX Error: Missing \begin{document}.

See the LaTeX manual or LaTeX Companion for explanation.
Type  H <return>  for immediate help.
 ...                                              
                                                  
l.1 T
     his chapter presents the research methodology employed for the developm...
 
Here is how much of TeX's memory you used:
 17 strings out of 473530
 546 string characters out of 5715278
 391471 words of memory out of 5000000
 23342 multiletter control sequences out of 15000+600000
 558837 words of font info for 36 fonts, out of 8000000 for 9000
 1141 hyphenation exceptions out of 8191
 15i,0n,18p,563b,14s stack positions out of 10000i,1000n,20000p,200000b,200000s
!  ==> Fatal error occurred, no output PDF file produced!
